// Jest Snapshot v1, https://goo.gl/fbAQLP

exports[`Step step renders, step length > 1 1`] = `
<div
  className="coa-Steps"
>
  <div
    className="coa-Steps__list"
  >
    <ol>
      <li
        className="coa-StepOption__item"
      >
        <div
          className="coa-StepOption__container"
        >
          Determine how you would like to receive your certificate based on how quickly you need it
          <div
            className="coa-Accordion"
            data-accordion-component="Accordion"
          >
            <div
              className="coa-StepOption"
            >
              <div
                className="coa-AccordionItem"
                data-accordion-component="AccordionItem"
              >
                <div
                  aria-labelledby="accordion__heading-0"
                  className="coa-AccordionPanel"
                  data-accordion-component="AccordionItemPanel"
                  hidden={true}
                  id="accordion__panel-0"
                  role="region"
                >
                  <span>
                    <p>
                      Mail the following items to Office of Vital Records, PO Box 1088, Austin, TX 78767-1088:
                    </p>
                    <ol>
                      <li>
                        A copy of one of your acceptable and current 
                        <a
                          href="https://www.dshs.texas.gov/vs/reqproc/Acceptable-IDs/"
                        >
                          forms of government-issued photo identification
                        </a>
                        . If your home address is different than the address on your ID, also include a proof of residence like a utility bill, voter registration card, etc...
                      </li>
                      <li>
                        A self-addressed envelope with a stamp. You may use an express mail envelope for faster return delivery. If this is not included, you will not receive the certificate.
                      </li>
                    </ol>
                    <p>
                      If you need the certificate quickly through the mail, use an Express form of delivery, such as FedEx, USPS, or UPS, and send your application to: Office of Vital Records, 7201 Levander Loop, Bldg. C, Austin, TX 78702.
                    </p>
                  </span>
                </div>
              </div>
            </div>
          </div>
        </div>
      </li>
      <li>
        <p>
          <p>
            Make sure you have enough money for the certificate(s) you need.
          </p>
          <ul>
            <li>
              The cost for each birth certificate is $23.
            </li>
            <li>
              The cost for one death certificate is $21.
            </li>
          </ul>
        </p>
      </li>
    </ol>
  </div>
</div>
`;
